// Jest Snapshot v1, https://goo.gl/fbAQLP

exports[`<Main /> should render the heading 1`] = `
.c0 {
  background-color: #f3f5f6;
  width: 100%;
  height: 100%;
  padding: 3rem;
  text-align: center;
  display: flex;
  flex-direction: column;
  align-items: center;
  justify-content: center;
}

.c0 h1,
.c0 h2,
.c0 p {
  color: #1d1c1e;
}

.c0 h1 {
  font-size: 48px;
  font-weight: 500;
  line-height: 48px;
}

.c0 h2 {
  font-size: 40px;
  font-weight: 500;
  line-height: 48px;
  letter-spacing: 2px;
}

.c0 h3 {
  color: #e7806b;
  font-size: 20px;
  font-weight: 500;
  line-height: 26px;
  letter-spacing: 5px;
  text-transform: uppercase;
}

.c0 p {
  font-size: 16px;
  font-weight: 400;
  line-height: 26px;
}

<main
  class="c0"
>
  <h1>
    Header
  </h1>
  <h2>
    Subtitle
  </h2>
  <h3>
    Title
  </h3>
  <p>
    Regular text
  </p>
  <img
    alt="Circle"
    data-nimg="1"
    decoding="async"
    height="640"
    loading="lazy"
    src="/_next/image?url=%2Fassets%2Fcircle.png&w=1920&q=75"
    srcset="/_next/image?url=%2Fassets%2Fcircle.png&w=640&q=75 1x, /_next/image?url=%2Fassets%2Fcircle.png&w=1920&q=75 2x"
    style="color: transparent;"
    width="640"
  />
</main>
`;
